// Jest Snapshot v1, https://goo.gl/fbAQLP

exports[`<MapContainer /> Main Page 내 Map 렌더링 1`] = `
<withScriptjs(withGoogleMap(Component))
  containerElement={
    <div
      style={
        Object {
          "height": "800px",
        }
      }
    />
  }
  googleMapURL="https://maps.googleapis.com/maps/api/js?key=AIzaSyC4R6AN7SmujjPUIGKdyao2Kqitzr1kiRg&v=3.exp&libraries=geometry,drawing,places"
  loadingElement={
    <div
      style={
        Object {
          "height": "100%",
        }
      }
    />
  }
  mapElement={
    <div
      style={
        Object {
          "height": "100%",
        }
      }
    />
  }
/>
`;
